# This file includes the template for a blank chunk, used for figuring out formatting and also for future reference

chunk:ID,northID,eastID,southID,westID,upID,downID
RC<:>,<:>,<:>,<:>,<:>,<:>,<:>,<:>
RC<:>,<:>,<:>,<:>,<:>,<:>,<:>,<:>
RC<:>,<:>,<:>,<:>,<:>,<:>,<:>,<:>
RC<:>,<:>,<:>,<:>,<:>,<:>,<:>,<:>
RC<:>,<:>,<:>,<:>,<:>,<:>,<:>,<:>
RC<:>,<:>,<:>,<:>,<:>,<:>,<:>,<:>
RC<:>,<:>,<:>,<:>,<:>,<:>,<:>,<:>
RC<:>,<:>,<:>,<:>,<:>,<:>,<:>,<:>
RC<:>,<:>,<:>,<:>,<:>,<:>,<:>,<:>
RC<:>,<:>,<:>,<:>,<:>,<:>,<:>,<:>
RC<:>,<:>,<:>,<:>,<:>,<:>,<:>,<:>
RC<:>,<:>,<:>,<:>,<:>,<:>,<:>,<:>
RC<:>,<:>,<:>,<:>,<:>,<:>,<:>,<:>
RC<:>,<:>,<:>,<:>,<:>,<:>,<:>,<:>
RC<:>,<:>,<:>,<:>,<:>,<:>,<:>,<:>
RC<:>,<:>,<:>,<:>,<:>,<:>,<:>,<:>
RC<:>,<:>,<:>,<:>,<:>,<:>,<:>,<:>
RC<:>,<:>,<:>,<:>,<:>,<:>,<:>,<:>
RC<:>,<:>,<:>,<:>,<:>,<:>,<:>,<:>
RC<:>,<:>,<:>,<:>,<:>,<:>,<:>,<:>
RC<:>,<:>,<:>,<:>,<:>,<:>,<:>,<:>
RC<:>,<:>,<:>,<:>,<:>,<:>,<:>,<:>
RC<:>,<:>,<:>,<:>,<:>,<:>,<:>,<:>
RC<:>,<:>,<:>,<:>,<:>,<:>,<:>,<:>
RC<:>,<:>,<:>,<:>,<:>,<:>,<:>,<:>
RC<:>,<:>,<:>,<:>,<:>,<:>,<:>,<:>
RC<:>,<:>,<:>,<:>,<:>,<:>,<:>,<:>
RC<:>,<:>,<:>,<:>,<:>,<:>,<:>,<:>
RC<:>,<:>,<:>,<:>,<:>,<:>,<:>,<:>
RC<:>,<:>,<:>,<:>,<:>,<:>,<:>,<:>
RC<:>,<:>,<:>,<:>,<:>,<:>,<:>,<:>
RC<:>,<:>,<:>,<:>,<:>,<:>,<:>,<:>
RC<:>,<:>,<:>,<:>,<:>,<:>,<:>,<:>
RC<:>,<:>,<:>,<:>,<:>,<:>,<:>,<:>
RC<:>,<:>,<:>,<:>,<:>,<:>,<:>,<:>
RC<:>,<:>,<:>,<:>,<:>,<:>,<:>,<:>
RC<:>,<:>,<:>,<:>,<:>,<:>,<:>,<:>
RC<:>,<:>,<:>,<:>,<:>,<:>,<:>,<:>
RC<:>,<:>,<:>,<:>,<:>,<:>,<:>,<:>
RC<:>,<:>,<:>,<:>,<:>,<:>,<:>,<:>
RC<:>,<:>,<:>,<:>,<:>,<:>,<:>,<:>
RC<:>,<:>,<:>,<:>,<:>,<:>,<:>,<:>
RC<:>,<:>,<:>,<:>,<:>,<:>,<:>,<:>
RC<:>,<:>,<:>,<:>,<:>,<:>,<:>,<:>
RC<:>,<:>,<:>,<:>,<:>,<:>,<:>,<:>
RC<:>,<:>,<:>,<:>,<:>,<:>,<:>,<:>
RC<:>,<:>,<:>,<:>,<:>,<:>,<:>,<:>
RC<:>,<:>,<:>,<:>,<:>,<:>,<:>,<:>
RC<:>,<:>,<:>,<:>,<:>,<:>,<:>,<:>
RC<:>,<:>,<:>,<:>,<:>,<:>,<:>,<:>
RC<:>,<:>,<:>,<:>,<:>,<:>,<:>,<:>
RC<:>,<:>,<:>,<:>,<:>,<:>,<:>,<:>
RC<:>,<:>,<:>,<:>,<:>,<:>,<:>,<:>
RC<:>,<:>,<:>,<:>,<:>,<:>,<:>,<:>
RC<:>,<:>,<:>,<:>,<:>,<:>,<:>,<:>
RC<:>,<:>,<:>,<:>,<:>,<:>,<:>,<:>
RC<:>,<:>,<:>,<:>,<:>,<:>,<:>,<:>
RC<:>,<:>,<:>,<:>,<:>,<:>,<:>,<:>
RC<:>,<:>,<:>,<:>,<:>,<:>,<:>,<:>
RC<:>,<:>,<:>,<:>,<:>,<:>,<:>,<:>
RC<:>,<:>,<:>,<:>,<:>,<:>,<:>,<:>
RC<:>,<:>,<:>,<:>,<:>,<BGrass:>,<BGrass:>,<BGrass:>
RC<:>,<:>,<:>,<:>,<:>,<:>,<:>,<:>
RC<:>,<:>,<:>,<:>,<BGrass:>,<:>,<:>,<:>
endChunk