# This file includes the template for a blank chunk, used for figuring out formatting and also for future reference

chunk:untitled,n,n,n,n,n,n
RC<:>,<:>,<:>,<:>,<:>,<:>,<:>,<:>
RC<:>,<:>,<:>,<:>,<:>,<:>,<:>,<:>
RC<:>,<:>,<:>,<:>,<:>,<:>,<:>,<:>
RC<:>,<:>,<:>,<:>,<:>,<:>,<:>,<:>
RC<:>,<:>,<:>,<:>,<:>,<:>,<:>,<:>
RC<:>,<:>,<:>,<:>,<:>,<:>,<:>,<:>
RC<:>,<:>,<:>,<:>,<:>,<:>,<:>,<:>
RC<:>,<:>,<:>,<:>,<:>,<:>,<:>,<:>
RC<:>,<:>,<:>,<:>,<:>,<:>,<:>,<:>
RC<:>,<:>,<:>,<:>,<:>,<:>,<:>,<:>
RC<:>,<:>,<:>,<:>,<:>,<:>,<:>,<:>
RC<:>,<:>,<:>,<:>,<:>,<:>,<:>,<:>
RC<:>,<:>,<:>,<:>,<:>,<:>,<:>,<:>
RC<:>,<:>,<:>,<:>,<:>,<:>,<:>,<:>
RC<:>,<:>,<:>,<:>,<:>,<:>,<:>,<:>
RC<:>,<:>,<:>,<:>,<:>,<:>,<:>,<:>
RC<:>,<:>,<:>,<:>,<:>,<:>,<:>,<:>
RC<:>,<:>,<:>,<:>,<:>,<:>,<:>,<:>
RC<:>,<:>,<:>,<:>,<:>,<:>,<:>,<:>
RC<:>,<:>,<:>,<:>,<:>,<:>,<:>,<:>
RC<:>,<:>,<:>,<:>,<:>,<:>,<:>,<:>
RC<:>,<:>,<:>,<:>,<:>,<:>,<:>,<:>
RC<:>,<:>,<:>,<:>,<:>,<:>,<:>,<:>
RC<:>,<:>,<:>,<:>,<:>,<:>,<:>,<:>
RC<:>,<:>,<:>,<:>,<:>,<:>,<:>,<:>
RC<:>,<:>,<:>,<:>,<:>,<:>,<:>,<:>
RC<:>,<:>,<:>,<:>,<:>,<:>,<:>,<:>
RC<:>,<:>,<:>,<:>,<:>,<:>,<:>,<:>
RC<:>,<:>,<:>,<:>,<:>,<:>,<:>,<:>
RC<:>,<:>,<:>,<:>,<:>,<:>,<:>,<:>
RC<:>,<:>,<:>,<:>,<:>,<:>,<:>,<:>
RC<:>,<:>,<:>,<:>,<:>,<:>,<:>,<:>
RC<:>,<:>,<:>,<:>,<:>,<:>,<:>,<:>
RC<:>,<:>,<:>,<:>,<:>,<:>,<:>,<:>
RC<:>,<:>,<:>,<:>,<:>,<:>,<:>,<:>
RC<:>,<:>,<:>,<:>,<:>,<:>,<:>,<:>
RC<:>,<:>,<:>,<:>,<:>,<:>,<:>,<:>
RC<:>,<:>,<:>,<:>,<:>,<:>,<:>,<:>
RC<:>,<:>,<:>,<:>,<:>,<:>,<:>,<:>
RC<:>,<:>,<:>,<:>,<:>,<:>,<:>,<:>
RC<:>,<:>,<:>,<:>,<:>,<:>,<:>,<:>
RC<:>,<:>,<:>,<:>,<:>,<:>,<:>,<:>
RC<:>,<:>,<:>,<:>,<:>,<:>,<:>,<:>
RC<:>,<:>,<:>,<:>,<:>,<:>,<:>,<:>
RC<:>,<:>,<:>,<:>,<:>,<:>,<:>,<:>
RC<:>,<:>,<:>,<:>,<:>,<:>,<:>,<:>
RC<:>,<:>,<:>,<:>,<:>,<:>,<:>,<:>
RC<:>,<:>,<:>,<:>,<:>,<:>,<:>,<:>
RC<:>,<:>,<:>,<:>,<:>,<:>,<:>,<:>
RC<:>,<:>,<:>,<:>,<:>,<:>,<:>,<:>
RC<:>,<:>,<:>,<:>,<:>,<:>,<:>,<:>
RC<:>,<:>,<:>,<:>,<:>,<:>,<:>,<:>
RC<:>,<:>,<:>,<:>,<:>,<:>,<:>,<:>
RC<:>,<:>,<:>,<:>,<:>,<:>,<:>,<:>
RC<:>,<:>,<:>,<:>,<:>,<:>,<:>,<:>
RC<:>,<:>,<:>,<:>,<:>,<:>,<:>,<:>
RC<:>,<:>,<:>,<:>,<:>,<:>,<:>,<:>
RC<:>,<:>,<:>,<:>,<:>,<:>,<:>,<:>
RC<:>,<:>,<:>,<:>,<:>,<:>,<:>,<:>
RC<:>,<:>,<:>,<:>,<:>,<:>,<:>,<:>
RC<:>,<:>,<:>,<:>,<:>,<:>,<:>,<:>
RC<:>,<:>,<:>,<:>,<:>,<BGrass:>,<BGrass:>,<BGrass:>
RC<:>,<:>,<:>,<:>,<:>,<:>,<:>,<:>
RC<:>,<:>,<:>,<:>,<BGrass:>,<:>,<:>,<:>
endChunk