chunk:c1,n,n,c2,n,n,n
stamps:
RC<:>,<:>,<:>,<:>,<:>,<:>,<:>,<:>
RC<:>,<:>,<:>,<:>,<:>,<:>,<:>,<:>
RC<:>,<:>,<:>,<:>,<:>,<:>,<:>,<:>
RC<:>,<:>,<:>,<:>,<:>,<:>,<:>,<:>
RC<:>,<:>,<:>,<:>,<:>,<:>,<:>,<:>
RC<:>,<:>,<:>,<:>,<:>,<:>,<:>,<:>
RC<:>,<:>,<:>,<:>,<:>,<:>,<:>,<:>
RC<:>,<:>,<:>,<:>,<:>,<:>,<:>,<:>
RC<:>,<:>,<:>,<:>,<:>,<:>,<:>,<:>
RC<:>,<:>,<:>,<:>,<:>,<:>,<:>,<:>
RC<:>,<:>,<:>,<:>,<:>,<:>,<:>,<:>
RC<:>,<:>,<:>,<:>,<:>,<:>,<:>,<:>
RC<:>,<:>,<:>,<:>,<:>,<:>,<:>,<:>
RC<:>,<:>,<:>,<:>,<:>,<:>,<:>,<:>
RC<:>,<:>,<:>,<:>,<:>,<:>,<:>,<:>
RC<:>,<:>,<:>,<:>,<:>,<:>,<:>,<:>
RC<:>,<:>,<:>,<:>,<:>,<:>,<:>,<:>
RC<:>,<:>,<:>,<:>,<:>,<:>,<:>,<:>
RC<:>,<:>,<:>,<:>,<:>,<:>,<:>,<:>
RC<:>,<:>,<:>,<:>,<:>,<:>,<:>,<:>
RC<:>,<:>,<:>,<:>,<:>,<:>,<:>,<:>
RC<:>,<:>,<:>,<:>,<:>,<:>,<:>,<:>
RC<:>,<:>,<:>,<:>,<:>,<:>,<:>,<:>
RC<:>,<:>,<:>,<:>,<:>,<:>,<:>,<:>
RC<:>,<:>,<:>,<:>,<:>,<:>,<:>,<:>
RC<:>,<:>,<:>,<:>,<:>,<:>,<:>,<:>
RC<:>,<:>,<:>,<:>,<:>,<:>,<:>,<:>
RC<:>,<:>,<:>,<:>,<:>,<:>,<:>,<:>
RC<:>,<:>,<:>,<:>,<:>,<:>,<:>,<:>
RC<:>,<:>,<:>,<:>,<:>,<:>,<:>,<:>
RC<:>,<:>,<:>,<:>,<:>,<:>,<:>,<:>
RC<:>,<:>,<:>,<:>,<:>,<:>,<:>,<:>
RC<:>,<:>,<:>,<:>,<:>,<:>,<:>,<:>
RC<:>,<:>,<:>,<:>,<:>,<:>,<:>,<:>
RC<:>,<:>,<:>,<:>,<:>,<:>,<:>,<:>
RC<:>,<:>,<:>,<:>,<:>,<:>,<:>,<:>
RC<:>,<:>,<:>,<:>,<:>,<:>,<:>,<:>
RC<:>,<:>,<:>,<:>,<:>,<:>,<:>,<:>
RC<:>,<:>,<:>,<:>,<:>,<:>,<:>,<:>
RC<:>,<:>,<:>,<:>,<:>,<:>,<:>,<:>
RC<:>,<:>,<:>,<:>,<:>,<:>,<:>,<:>
RC<:>,<:>,<:>,<:>,<:>,<:>,<:>,<:>
RC<:>,<:>,<:>,<:>,<:>,<:>,<:>,<:>
RC<:>,<:>,<:>,<:>,<:>,<:>,<:>,<:>
RC<:>,<:>,<:>,<:>,<:>,<:>,<:>,<:>
RC<:>,<:>,<:>,<:>,<:>,<:>,<:>,<:>
RC<:>,<:>,<:>,<:>,<:>,<:>,<:>,<:>
RC<:>,<:>,<:>,<:>,<:>,<:>,<:>,<:>
RC<:>,<:>,<:>,<:>,<:>,<:>,<:>,<:>
RC<:>,<:>,<:>,<:>,<:>,<:>,<:>,<:>
RC<:>,<:>,<:>,<:>,<:>,<:>,<:>,<:>
RC<:>,<:>,<:>,<:>,<:>,<:>,<:>,<:>
RC<:>,<:>,<:>,<:>,<:>,<:>,<:>,<:>
RC<:>,<:>,<:>,<:>,<:>,<:>,<:>,<:>
RC<:>,<:>,<:>,<:>,<:>,<:>,<:>,<:>
RC<:>,<:>,<:>,<:>,<:>,<:>,<:>,<:>
RC<:>,<:>,<:>,<:>,<:>,<:>,<:>,<:>
RC<:>,<:>,<:>,<:>,<:>,<:>,<:>,<:>
RC<:>,<:>,<:>,<:>,<:>,<:>,<:>,<:>
RC<:>,<:>,<:>,<:>,<:>,<:>,<:>,<:>
RC<:>,<:>,<:>,<:>,<:>,<:>,<:>,<:>
RC<:>,<:>,<:>,<:>,<:>,<:>,<:>,<:>
RC<:>,<:>,<:>,<:>,<:>,<:>,<:>,<:>
RC<:>,<:>,<:>,<:>,<:>,<:>,<:>,<:>
endChunk

chunk:c2,c1,n,n,n,n,n
stamps:
RC<BGrass:>,<:>,<:>,<:>,<:>,<:>,<:>,<BGrass:>
RC<:>,<:>,<:>,<:>,<:>,<:>,<:>,<:>
RC<:>,<:>,<:>,<:>,<:>,<:>,<:>,<:>
RC<:>,<:>,<:>,<:>,<:>,<:>,<:>,<:>
RC<:>,<:>,<:>,<:>,<:>,<:>,<:>,<:>
RC<:>,<:>,<:>,<:>,<:>,<:>,<:>,<:>
RC<:>,<:>,<:>,<:>,<:>,<:>,<:>,<:>
RC<:>,<:>,<:>,<:>,<:>,<:>,<:>,<:>
RC<:>,<:>,<:>,<:>,<:>,<:>,<:>,<:>
RC<:>,<:>,<:>,<:>,<:>,<:>,<:>,<:>
RC<:>,<:>,<:>,<:>,<:>,<:>,<:>,<:>
RC<:>,<:>,<:>,<:>,<:>,<:>,<:>,<:>
RC<:>,<:>,<:>,<:>,<:>,<:>,<:>,<:>
RC<:>,<:>,<:>,<:>,<:>,<:>,<:>,<:>
RC<:>,<:>,<:>,<:>,<:>,<:>,<:>,<:>
RC<:>,<:>,<:>,<:>,<:>,<:>,<:>,<:>
RC<:>,<:>,<:>,<:>,<:>,<:>,<:>,<:>
RC<:>,<:>,<:>,<:>,<:>,<:>,<:>,<:>
RC<:>,<:>,<:>,<:>,<:>,<:>,<:>,<:>
RC<:>,<:>,<:>,<:>,<:>,<:>,<:>,<:>
RC<:>,<:>,<:>,<:>,<:>,<:>,<:>,<:>
RC<:>,<:>,<:>,<:>,<:>,<:>,<:>,<:>
RC<:>,<:>,<:>,<:>,<:>,<:>,<:>,<:>
RC<:>,<:>,<:>,<:>,<:>,<:>,<:>,<:>
RC<:>,<:>,<:>,<:>,<:>,<:>,<:>,<:>
RC<:>,<:>,<:>,<:>,<:>,<:>,<:>,<:>
RC<:>,<:>,<:>,<:>,<:>,<:>,<:>,<:>
RC<:>,<:>,<:>,<:>,<:>,<:>,<:>,<:>
RC<:>,<:>,<:>,<:>,<:>,<:>,<:>,<:>
RC<:>,<:>,<:>,<:>,<:>,<:>,<:>,<:>
RC<:>,<:>,<:>,<:>,<:>,<:>,<:>,<:>
RC<:>,<:>,<:>,<:>,<:>,<:>,<:>,<:>
RC<:>,<:>,<:>,<:>,<:>,<:>,<:>,<:>
RC<:>,<:>,<:>,<:>,<:>,<:>,<:>,<:>
RC<:>,<:>,<:>,<:>,<:>,<:>,<:>,<:>
RC<:>,<:>,<:>,<:>,<:>,<:>,<:>,<:>
RC<:>,<:>,<:>,<:>,<:>,<:>,<:>,<:>
RC<:>,<:>,<:>,<:>,<:>,<:>,<:>,<:>
RC<:>,<:>,<:>,<:>,<:>,<:>,<:>,<:>
RC<:>,<:>,<:>,<:>,<:>,<:>,<:>,<:>
RC<:>,<:>,<:>,<:>,<:>,<:>,<:>,<:>
RC<:>,<:>,<:>,<:>,<:>,<:>,<:>,<:>
RC<:>,<:>,<:>,<:>,<:>,<:>,<:>,<:>
RC<:>,<:>,<:>,<:>,<:>,<:>,<:>,<:>
RC<:>,<:>,<:>,<:>,<:>,<:>,<:>,<:>
RC<:>,<:>,<:>,<:>,<:>,<:>,<:>,<:>
RC<:>,<:>,<:>,<:>,<:>,<:>,<:>,<:>
RC<:>,<:>,<:>,<:>,<:>,<:>,<:>,<:>
RC<:>,<:>,<:>,<:>,<:>,<:>,<:>,<:>
RC<:>,<:>,<:>,<:>,<:>,<:>,<:>,<:>
RC<:>,<:>,<:>,<:>,<:>,<:>,<:>,<:>
RC<:>,<:>,<:>,<:>,<:>,<:>,<:>,<:>
RC<:>,<:>,<:>,<:>,<:>,<:>,<:>,<:>
RC<:>,<:>,<:>,<:>,<:>,<:>,<:>,<:>
RC<:>,<:>,<:>,<:>,<:>,<:>,<:>,<:>
RC<:>,<:>,<:>,<:>,<:>,<:>,<:>,<:>
RC<:>,<:>,<:>,<:>,<:>,<:>,<:>,<:>
RC<:>,<:>,<:>,<:>,<:>,<:>,<:>,<:>
RC<:>,<:>,<:>,<:>,<:>,<:>,<:>,<:>
RC<:>,<:>,<:>,<:>,<:>,<:>,<:>,<:>
RC<:>,<:>,<:>,<:>,<:>,<:>,<:>,<:>
RC<:>,<:>,<:>,<:>,<:>,<:>,<:>,<:>
RC<:>,<:>,<:>,<:>,<:>,<:>,<:>,<:>
RC<BGrass:>,<:>,<:>,<:>,<:>,<:>,<:>,<BGrass:>
endChunk